<?php return array (
  0 => 'Symfony\\Bundle\\FrameworkBundle\\Controller\\Controller',
  1 => 'AppBundle\\Controller\\DefaultController',
  2 => 'Doctrine\\Bundle\\DoctrineBundle\\Controller\\ProfilerController',
  3 => 'GlgProductions\\AdminBundle\\Controller\\DefaultController',
  4 => 'GlgProductions\\AdminBundle\\Entity\\User',
  5 => 'GlgProductions\\CmsBundle\\Controller\\CmsController',
  6 => 'GlgProductions\\CmsBundle\\Entity\\SiteSetting',
  7 => 'GlgProductions\\MenuBundle\\Controller\\DefaultController',
  8 => 'GlgProductions\\SeoBundle\\Controller\\DefaultController',
  9 => 'GlgProductions\\SlugBundle\\Controller\\DefaultController',
  10 => 'Symfony\\Bundle\\AsseticBundle\\Controller\\AssetCacheKeyFilter',
  11 => 'Symfony\\Bundle\\AsseticBundle\\Controller\\AsseticController',
  13 => 'Symfony\\Bundle\\FrameworkBundle\\Controller\\ControllerNameParser',
  14 => 'Symfony\\Bundle\\FrameworkBundle\\Controller\\ControllerResolver',
  15 => 'Symfony\\Bundle\\FrameworkBundle\\Controller\\RedirectController',
  16 => 'Symfony\\Bundle\\FrameworkBundle\\Controller\\TemplateController',
  17 => 'Symfony\\Bundle\\TwigBundle\\Controller\\ExceptionController',
  18 => 'Symfony\\Bundle\\TwigBundle\\Controller\\PreviewErrorController',
  19 => 'Symfony\\Bundle\\WebProfilerBundle\\Controller\\ExceptionController',
  20 => 'Symfony\\Bundle\\WebProfilerBundle\\Controller\\ProfilerController',
  21 => 'Symfony\\Bundle\\WebProfilerBundle\\Controller\\RouterController',
);